main 1
main 2
Async Start 1
AckSync Start 2
main 3
Async End 1
AckSync Start 3
main 4
AckSync End 2
RplySync Start 4
AckSync End 3
RplySync End 4
main 5 reply=4
RplySync Start 5
RplySync End 5
main 6 reply=5
