10
a
10
b
9
a
8
a
9
b
7
a
6
a
8
b
5
a
4
a
7
b
3
a
2
a
6
b
1
a
0
5
b
4
b
3
b
2
b
1
b
0
