start
R12 J7 S7 C3 P0
R11 J7 S4 C6 P0
R11 J7 S5 C4 P0
R21 J4 S7 C3 P3
R22 J4 S4 C6 P3
R22 J4 S5 C4 P3
R21 J5 S7 C3 P1
R21 J5 S4 C6 P1
R12 J5 S5 C4 P1
end
