2 is a prime number.
3 is a prime number.
4 can be divied by 2.
5 is a prime number.
6 can be divied by 2.
7 is a prime number.
8 can be divied by 2.
9 can be divied by 3.
